2026-08-17 19:50:30,129 - INFO - ===== 开始爬取品类：西瓜.草莓 =====
2026-08-17 19:50:38,289 - INFO - 已搜索关键词：西瓜.草莓
2026-08-17 19:50:39,988 - INFO - 总条数：314 条，总页数：21 页，本次爬取前 4 页
2026-08-17 19:50:39,988 - INFO - 正在爬取第 1 页...
2026-08-17 19:50:40,006 - INFO - 本页提取 15 条数据
2026-08-17 19:50:42,547 - INFO - 正在爬取第 2 页...
2026-08-17 19:50:42,557 - INFO - 本页提取 15 条数据
2026-08-17 19:50:44,455 - INFO - 正在爬取第 3 页...
2026-08-17 19:50:44,464 - INFO - 本页提取 15 条数据
2026-08-17 19:50:46,369 - INFO - 正在爬取第 4 页...
2026-08-17 19:50:46,379 - INFO - 本页提取 15 条数据
2026-08-17 19:50:46,601 - INFO - 西瓜.草莓 爬取完成，共获取 60 条有效数据
2026-08-17 19:50:46,620 - INFO - 原始CSV已保存：assets/output/惠农网农产品行情数据.csv
2026-08-17 19:50:46,688 - INFO - ✅ 60 条数据成功写入MongoDB
2026-08-17 19:50:46,689 - INFO - 60 条原始数据写入MongoDB
2026-08-17 19:50:46,689 - INFO - ===== 开始数据清洗与预处理 =====
2026-08-17 19:50:46,696 - INFO - 去除重复行：0 条
2026-08-17 19:50:46,705 - INFO - 按品类过滤异常值后剩余 60 条
2026-08-17 19:50:46,710 - INFO - 数据清洗完成，最终有效数据：60 条
2026-08-17 19:50:46,711 - INFO - ===== 开始全维度统计分析 =====
2026-08-17 19:50:46,727 - INFO - 统计分析完成
2026-08-17 19:50:46,727 - INFO - ===== 开始生成可视化图表 =====
2026-08-17 19:50:47,583 - DEBUG - Building prefix dict from the default dictionary ...
2026-08-17 19:50:47,585 - DEBUG - Loading model from cache C:\Users\111\AppData\Local\Temp\jieba.cache
2026-08-17 19:50:47,920 - DEBUG - Loading model cost 0.336 seconds.
2026-08-17 19:50:47,920 - DEBUG - Prefix dict has been built successfully.
2026-08-17 19:50:48,061 - INFO - 词云图已保存：assets/output/产品名称词云.png
2026-08-17 19:50:48,412 - INFO - 图5：产品名称均价对比 已保存
2026-08-17 19:50:48,776 - INFO - 图6：各品类下产品名称价格分布 已保存
2026-08-17 19:50:48,776 - INFO - 所有可视化图表生成完成
2026-08-17 19:50:48,776 - INFO - ===== 开始生成Excel分析报告 =====
2026-08-17 19:50:48,856 - INFO - Excel报告已保存至：assets/output\农产品价格分析报告_20260817_195048.xlsx
2026-08-17 19:50:48,856 - INFO - ✅ 全流程采集、清洗、绘图、报表全部完成！
2026-08-28 21:31:46,438 - INFO - ===== 开始爬取品类：榴莲 =====
2026-08-28 21:31:57,944 - INFO - 已搜索关键词：榴莲
2026-08-28 21:32:02,120 - INFO - 总条数：38 条，总页数：3 页，本次爬取前 2 页
2026-08-28 21:32:02,120 - INFO - 正在爬取第 1 页...
2026-08-28 21:32:02,138 - INFO - 本页提取 15 条数据
2026-08-28 21:32:04,992 - INFO - 正在爬取第 2 页...
2026-08-28 21:32:05,006 - INFO - 本页提取 15 条数据
2026-08-28 21:32:05,213 - INFO - 榴莲 爬取完成，共获取 30 条有效数据
2026-08-28 21:32:05,226 - INFO - 品类 榴莲 爬取结束，冷却 32.8s 后继续...
2026-08-28 21:32:38,068 - INFO - ===== 开始爬取品类：草莓 =====
2026-08-28 21:32:47,258 - INFO - 已搜索关键词：草莓
2026-08-28 21:32:49,381 - INFO - 总条数：40 条，总页数：3 页，本次爬取前 2 页
2026-08-28 21:32:49,381 - INFO - 正在爬取第 1 页...
2026-08-28 21:32:49,392 - INFO - 本页提取 15 条数据
2026-08-28 21:32:52,949 - INFO - 正在爬取第 2 页...
2026-08-28 21:32:52,964 - INFO - 本页提取 15 条数据
2026-08-28 21:32:53,222 - INFO - 草莓 爬取完成，共获取 30 条有效数据
2026-08-28 21:32:53,234 - INFO - 品类 草莓 爬取结束，冷却 23.8s 后继续...
2026-08-28 21:33:17,070 - INFO - ===== 开始爬取品类：苹果 =====
2026-08-28 21:33:34,912 - INFO - 已搜索关键词：苹果
2026-08-28 21:33:37,198 - INFO - 总条数：334 条，总页数：23 页，本次爬取前 2 页
2026-08-28 21:33:37,198 - INFO - 正在爬取第 1 页...
2026-08-28 21:33:37,208 - INFO - 本页提取 15 条数据
2026-08-28 21:33:40,643 - INFO - 正在爬取第 2 页...
2026-08-28 21:33:40,656 - INFO - 本页提取 15 条数据
2026-08-28 21:33:40,856 - INFO - 苹果 爬取完成，共获取 30 条有效数据
2026-08-28 21:33:40,870 - INFO - 品类 苹果 爬取结束，冷却 33.9s 后继续...
2026-08-28 21:34:14,794 - INFO - ===== 开始爬取品类：梨 =====
2026-08-28 21:34:24,000 - INFO - 已搜索关键词：梨
2026-08-28 21:34:26,340 - INFO - 总条数：340 条，总页数：23 页，本次爬取前 2 页
2026-08-28 21:34:26,341 - INFO - 正在爬取第 1 页...
2026-08-28 21:34:26,349 - INFO - 本页提取 15 条数据
2026-08-28 21:34:30,442 - INFO - 正在爬取第 2 页...
2026-08-28 21:34:30,455 - INFO - 本页提取 15 条数据
2026-08-28 21:34:30,685 - INFO - 梨 爬取完成，共获取 30 条有效数据
2026-08-28 21:34:30,704 - INFO - 原始CSV已保存：assets/output/惠农网农产品行情数据.csv
2026-08-28 21:34:30,756 - INFO - ✅ 120 条数据成功写入MongoDB
2026-08-28 21:34:30,756 - INFO - 120 条原始数据写入MongoDB
2026-08-28 21:34:30,756 - INFO - ===== 开始数据清洗与预处理 =====
2026-08-28 21:34:30,763 - INFO - 去除重复行：0 条
2026-08-28 21:34:30,771 - INFO - 按品类过滤异常值后剩余 120 条
2026-08-28 21:34:30,775 - INFO - 数据清洗完成，最终有效数据：120 条
2026-08-28 21:34:30,777 - INFO - ===== 开始全维度统计分析 =====
2026-08-28 21:34:30,793 - INFO - 统计分析完成
2026-08-28 21:34:30,793 - INFO - ===== 开始生成可视化图表 =====
2026-08-28 21:34:32,053 - DEBUG - Building prefix dict from the default dictionary ...
2026-08-28 21:34:32,398 - DEBUG - Dumping model to file cache C:\Users\111\AppData\Local\Temp\jieba.cache
2026-08-28 21:34:32,428 - DEBUG - Loading model cost 0.374 seconds.
2026-08-28 21:34:32,428 - DEBUG - Prefix dict has been built successfully.
2026-08-28 21:34:32,648 - INFO - 词云图已保存：assets/output/产品名称词云.png
2026-08-28 21:34:32,939 - INFO - 图5：产品名称均价对比 已保存
2026-08-28 21:34:33,582 - INFO - 图6：各品类下产品名称价格分布 已保存
2026-08-28 21:34:33,583 - INFO - 所有可视化图表生成完成
2026-08-28 21:34:33,583 - INFO - ===== 开始生成Excel分析报告 =====
2026-08-28 21:34:33,689 - INFO - Excel报告已保存至：assets/output\农产品价格分析报告_20260828_213433.xlsx
2026-08-28 21:34:33,689 - INFO - ✅ 全流程采集、清洗、绘图、报表全部完成！
