2026-08-17 19:50:30,129 - INFO - ===== 开始爬取品类：西瓜.草莓 =====
2026-08-17 19:50:38,289 - INFO - 已搜索关键词：西瓜.草莓
2026-08-17 19:50:39,988 - INFO - 总条数：314 条，总页数：21 页，本次爬取前 4 页
2026-08-17 19:50:39,988 - INFO - 正在爬取第 1 页...
2026-08-17 19:50:40,006 - INFO - 本页提取 15 条数据
2026-08-17 19:50:42,547 - INFO - 正在爬取第 2 页...
2026-08-17 19:50:42,557 - INFO - 本页提取 15 条数据
2026-08-17 19:50:44,455 - INFO - 正在爬取第 3 页...
2026-08-17 19:50:44,464 - INFO - 本页提取 15 条数据
2026-08-17 19:50:46,369 - INFO - 正在爬取第 4 页...
2026-08-17 19:50:46,379 - INFO - 本页提取 15 条数据
2026-08-17 19:50:46,601 - INFO - 西瓜.草莓 爬取完成，共获取 60 条有效数据
2026-08-17 19:50:46,620 - INFO - 原始CSV已保存：assets/output/惠农网农产品行情数据.csv
2026-08-17 19:50:46,688 - INFO - ✅ 60 条数据成功写入MongoDB
2026-08-17 19:50:46,689 - INFO - 60 条原始数据写入MongoDB
2026-08-17 19:50:46,689 - INFO - ===== 开始数据清洗与预处理 =====
2026-08-17 19:50:46,696 - INFO - 去除重复行：0 条
2026-08-17 19:50:46,705 - INFO - 按品类过滤异常值后剩余 60 条
2026-08-17 19:50:46,710 - INFO - 数据清洗完成，最终有效数据：60 条
2026-08-17 19:50:46,711 - INFO - ===== 开始全维度统计分析 =====
2026-08-17 19:50:46,727 - INFO - 统计分析完成
2026-08-17 19:50:46,727 - INFO - ===== 开始生成可视化图表 =====
2026-08-17 19:50:47,583 - DEBUG - Building prefix dict from the default dictionary ...
2026-08-17 19:50:47,585 - DEBUG - Loading model from cache C:\Users\111\AppData\Local\Temp\jieba.cache
2026-08-17 19:50:47,920 - DEBUG - Loading model cost 0.336 seconds.
2026-08-17 19:50:47,920 - DEBUG - Prefix dict has been built successfully.
2026-08-17 19:50:48,061 - INFO - 词云图已保存：assets/output/产品名称词云.png
2026-08-17 19:50:48,412 - INFO - 图5：产品名称均价对比 已保存
2026-08-17 19:50:48,776 - INFO - 图6：各品类下产品名称价格分布 已保存
2026-08-17 19:50:48,776 - INFO - 所有可视化图表生成完成
2026-08-17 19:50:48,776 - INFO - ===== 开始生成Excel分析报告 =====
2026-08-17 19:50:48,856 - INFO - Excel报告已保存至：assets/output\农产品价格分析报告_20260817_195048.xlsx
2026-08-17 19:50:48,856 - INFO - ✅ 全流程采集、清洗、绘图、报表全部完成！
2026-08-28 21:31:46,438 - INFO - ===== 开始爬取品类：榴莲 =====
2026-08-28 21:31:57,944 - INFO - 已搜索关键词：榴莲
2026-08-28 21:32:02,120 - INFO - 总条数：38 条，总页数：3 页，本次爬取前 2 页
2026-08-28 21:32:02,120 - INFO - 正在爬取第 1 页...
2026-08-28 21:32:02,138 - INFO - 本页提取 15 条数据
2026-08-28 21:32:04,992 - INFO - 正在爬取第 2 页...
2026-08-28 21:32:05,006 - INFO - 本页提取 15 条数据
2026-08-28 21:32:05,213 - INFO - 榴莲 爬取完成，共获取 30 条有效数据
2026-08-28 21:32:05,226 - INFO - 品类 榴莲 爬取结束，冷却 32.8s 后继续...
2026-08-28 21:32:38,068 - INFO - ===== 开始爬取品类：草莓 =====
2026-08-28 21:32:47,258 - INFO - 已搜索关键词：草莓
2026-08-28 21:32:49,381 - INFO - 总条数：40 条，总页数：3 页，本次爬取前 2 页
2026-08-28 21:32:49,381 - INFO - 正在爬取第 1 页...
2026-08-28 21:32:49,392 - INFO - 本页提取 15 条数据
2026-08-28 21:32:52,949 - INFO - 正在爬取第 2 页...
2026-08-28 21:32:52,964 - INFO - 本页提取 15 条数据
2026-08-28 21:32:53,222 - INFO - 草莓 爬取完成，共获取 30 条有效数据
2026-08-28 21:32:53,234 - INFO - 品类 草莓 爬取结束，冷却 23.8s 后继续...
2026-08-28 21:33:17,070 - INFO - ===== 开始爬取品类：苹果 =====
2026-08-28 21:33:34,912 - INFO - 已搜索关键词：苹果
2026-08-28 21:33:37,198 - INFO - 总条数：334 条，总页数：23 页，本次爬取前 2 页
2026-08-28 21:33:37,198 - INFO - 正在爬取第 1 页...
2026-08-28 21:33:37,208 - INFO - 本页提取 15 条数据
2026-08-28 21:33:40,643 - INFO - 正在爬取第 2 页...
2026-08-28 21:33:40,656 - INFO - 本页提取 15 条数据
2026-08-28 21:33:40,856 - INFO - 苹果 爬取完成，共获取 30 条有效数据
2026-08-28 21:33:40,870 - INFO - 品类 苹果 爬取结束，冷却 33.9s 后继续...
2026-08-28 21:34:14,794 - INFO - ===== 开始爬取品类：梨 =====
2026-08-28 21:34:24,000 - INFO - 已搜索关键词：梨
2026-08-28 21:34:26,340 - INFO - 总条数：340 条，总页数：23 页，本次爬取前 2 页
2026-08-28 21:34:26,341 - INFO - 正在爬取第 1 页...
2026-08-28 21:34:26,349 - INFO - 本页提取 15 条数据
2026-08-28 21:34:30,442 - INFO - 正在爬取第 2 页...
2026-08-28 21:34:30,455 - INFO - 本页提取 15 条数据
2026-08-28 21:34:30,685 - INFO - 梨 爬取完成，共获取 30 条有效数据
2026-08-28 21:34:30,704 - INFO - 原始CSV已保存：assets/output/惠农网农产品行情数据.csv
2026-08-28 21:34:30,756 - INFO - ✅ 120 条数据成功写入MongoDB
2026-08-28 21:34:30,756 - INFO - 120 条原始数据写入MongoDB
2026-08-28 21:34:30,756 - INFO - ===== 开始数据清洗与预处理 =====
2026-08-28 21:34:30,763 - INFO - 去除重复行：0 条
2026-08-28 21:34:30,771 - INFO - 按品类过滤异常值后剩余 120 条
2026-08-28 21:34:30,775 - INFO - 数据清洗完成，最终有效数据：120 条
2026-08-28 21:34:30,777 - INFO - ===== 开始全维度统计分析 =====
2026-08-28 21:34:30,793 - INFO - 统计分析完成
2026-08-28 21:34:30,793 - INFO - ===== 开始生成可视化图表 =====
2026-08-28 21:34:32,053 - DEBUG - Building prefix dict from the default dictionary ...
2026-08-28 21:34:32,398 - DEBUG - Dumping model to file cache C:\Users\111\AppData\Local\Temp\jieba.cache
2026-08-28 21:34:32,428 - DEBUG - Loading model cost 0.374 seconds.
2026-08-28 21:34:32,428 - DEBUG - Prefix dict has been built successfully.
2026-08-28 21:34:32,648 - INFO - 词云图已保存：assets/output/产品名称词云.png
2026-08-28 21:34:32,939 - INFO - 图5：产品名称均价对比 已保存
2026-08-28 21:34:33,582 - INFO - 图6：各品类下产品名称价格分布 已保存
2026-08-28 21:34:33,583 - INFO - 所有可视化图表生成完成
2026-08-28 21:34:33,583 - INFO - ===== 开始生成Excel分析报告 =====
2026-08-28 21:34:33,689 - INFO - Excel报告已保存至：assets/output\农产品价格分析报告_20260828_213433.xlsx
2026-08-28 21:34:33,689 - INFO - ✅ 全流程采集、清洗、绘图、报表全部完成！
2026-09-02 21:03:44,435 - INFO - ===== 开始爬取品类：榴莲 =====
2026-09-02 21:03:55,481 - INFO - 已搜索关键词：榴莲
2026-09-02 21:03:58,098 - INFO - 总条数：38 条，总页数：3 页，本次爬取前 1 页
2026-09-02 21:03:58,098 - INFO - 正在爬取第 1 页...
2026-09-02 21:03:58,117 - INFO - 本页提取 15 条数据
2026-09-02 21:03:58,541 - INFO - 榴莲 爬取完成，共获取 15 条有效数据
2026-09-02 21:03:58,582 - INFO - 品类 榴莲 爬取结束，冷却 29.7s 后继续...
2026-09-02 21:04:28,298 - INFO - ===== 开始爬取品类：苹果 =====
2026-09-02 21:04:59,909 - ERROR - 爬取 苹果 失败：Page.goto: Timeout 30000ms exceeded.
Call log:
  - navigating to "https://www.cnhnb.com/hangqing/", waiting until "domcontentloaded"
Traceback (most recent call last):
  File "D:\Data Mining\agri_price_spider\core\spider.py", line 44, in crawl_category
    page.goto(HANGQING_HOME, wait_until='domcontentloaded', timeout=30000)
  File "C:\Users\111\AppData\Local\Programs\Python\Python310\lib\site-packages\playwright\sync_api\_generated.py", line 9612, in goto
    self._sync(
  File "C:\Users\111\AppData\Local\Programs\Python\Python310\lib\site-packages\playwright\_impl\_sync_base.py", line 115, in _sync
    return task.result()
  File "C:\Users\111\AppData\Local\Programs\Python\Python310\lib\site-packages\playwright\_impl\_page.py", line 557, in goto
    return await self._main_frame.goto(**locals_to_params(locals()))
  File "C:\Users\111\AppData\Local\Programs\Python\Python310\lib\site-packages\playwright\_impl\_frame.py", line 156, in goto
    await self._channel.send(
  File "C:\Users\111\AppData\Local\Programs\Python\Python310\lib\site-packages\playwright\_impl\_connection.py", line 69, in send
    return await self._connection.wrap_api_call(
  File "C:\Users\111\AppData\Local\Programs\Python\Python310\lib\site-packages\playwright\_impl\_connection.py", line 559, in wrap_api_call
    raise rewrite_error(error, f"{parsed_st['apiName']}: {error}") from None
playwright._impl._errors.TimeoutError: Page.goto: Timeout 30000ms exceeded.
Call log:
  - navigating to "https://www.cnhnb.com/hangqing/", waiting until "domcontentloaded"

2026-09-02 21:04:59,944 - INFO - 原始CSV已保存：assets/output/惠农网农产品行情数据.csv
2026-09-02 21:05:00,010 - INFO - ✅ 15 条数据成功写入MongoDB
2026-09-02 21:05:00,012 - INFO - 15 条原始数据写入MongoDB
2026-09-02 21:05:00,012 - INFO - ===== 开始数据清洗与预处理 =====
2026-09-02 21:05:00,026 - INFO - 去除重复行：0 条
2026-09-02 21:05:00,041 - INFO - 按品类过滤异常值后剩余 15 条
2026-09-02 21:05:00,055 - INFO - 数据清洗完成，最终有效数据：15 条
2026-09-02 21:05:00,058 - INFO - ===== 开始全维度统计分析 =====
2026-09-02 21:05:00,096 - INFO - 统计分析完成
2026-09-02 21:05:00,096 - INFO - ===== 开始生成可视化图表 =====
2026-09-02 21:05:01,600 - DEBUG - Building prefix dict from the default dictionary ...
2026-09-02 21:05:01,601 - DEBUG - Loading model from cache C:\Users\111\AppData\Local\Temp\jieba.cache
2026-09-02 21:05:01,995 - DEBUG - Loading model cost 0.394 seconds.
2026-09-02 21:05:01,995 - DEBUG - Prefix dict has been built successfully.
2026-09-02 21:05:02,155 - INFO - 词云图已保存：assets/output/产品名称词云.png
2026-09-02 21:05:02,492 - INFO - 图5：产品名称均价对比 已保存
2026-09-02 21:05:03,123 - INFO - 图6：各品类下产品名称价格分布 已保存
2026-09-02 21:05:03,123 - INFO - 所有可视化图表生成完成
2026-09-02 21:05:03,123 - INFO - ===== 开始生成Excel分析报告 =====
2026-09-02 21:05:03,221 - INFO - Excel报告已保存至：assets/output\农产品价格分析报告_20260902_210503.xlsx
2026-09-02 21:05:03,221 - INFO - ✅ 全流程采集、清洗、绘图、报表全部完成！
2026-09-02 21:06:30,069 - INFO - ===== 开始爬取品类：苹果 =====
2026-09-02 21:06:38,011 - INFO - 已搜索关键词：苹果
2026-09-02 21:06:40,586 - INFO - 总条数：347 条，总页数：24 页，本次爬取前 1 页
2026-09-02 21:06:40,586 - INFO - 正在爬取第 1 页...
2026-09-02 21:06:40,600 - INFO - 本页提取 15 条数据
2026-09-02 21:06:41,000 - INFO - 苹果 爬取完成，共获取 15 条有效数据
2026-09-02 21:06:41,037 - INFO - 品类 苹果 爬取结束，冷却 28.2s 后继续...
2026-09-02 21:07:09,257 - INFO - ===== 开始爬取品类：榴莲 =====
2026-09-02 21:07:18,266 - INFO - 已搜索关键词：榴莲
2026-09-02 21:07:20,725 - INFO - 总条数：38 条，总页数：3 页，本次爬取前 1 页
2026-09-02 21:07:20,725 - INFO - 正在爬取第 1 页...
2026-09-02 21:07:20,743 - INFO - 本页提取 15 条数据
2026-09-02 21:07:21,153 - INFO - 榴莲 爬取完成，共获取 15 条有效数据
2026-09-02 21:07:21,193 - INFO - 原始CSV已保存：assets/output/惠农网农产品行情数据.csv
2026-09-02 21:07:21,215 - INFO - ✅ 30 条数据成功写入MongoDB
2026-09-02 21:07:21,215 - INFO - 30 条原始数据写入MongoDB
2026-09-02 21:07:21,215 - INFO - ===== 开始数据清洗与预处理 =====
2026-09-02 21:07:21,217 - INFO - 去除重复行：0 条
2026-09-02 21:07:21,235 - INFO - 按品类过滤异常值后剩余 30 条
2026-09-02 21:07:21,242 - INFO - 数据清洗完成，最终有效数据：30 条
2026-09-02 21:07:21,243 - INFO - ===== 开始全维度统计分析 =====
2026-09-02 21:07:21,266 - INFO - 统计分析完成
2026-09-02 21:07:21,266 - INFO - ===== 开始生成可视化图表 =====
2026-09-02 21:07:22,502 - DEBUG - Building prefix dict from the default dictionary ...
2026-09-02 21:07:22,503 - DEBUG - Loading model from cache C:\Users\111\AppData\Local\Temp\jieba.cache
2026-09-02 21:07:22,898 - DEBUG - Loading model cost 0.394 seconds.
2026-09-02 21:07:22,898 - DEBUG - Prefix dict has been built successfully.
2026-09-02 21:07:23,100 - INFO - 词云图已保存：assets/output/产品名称词云.png
2026-09-02 21:07:23,455 - INFO - 图5：产品名称均价对比 已保存
2026-09-02 21:07:23,932 - INFO - 图6：各品类下产品名称价格分布 已保存
2026-09-02 21:07:23,933 - INFO - 所有可视化图表生成完成
2026-09-02 21:07:23,933 - INFO - ===== 开始生成Excel分析报告 =====
2026-09-02 21:07:24,020 - INFO - Excel报告已保存至：assets/output\农产品价格分析报告_20260902_210723.xlsx
2026-09-02 21:07:24,020 - INFO - ✅ 全流程采集、清洗、绘图、报表全部完成！
2026-09-03 18:57:25,999 - INFO - ===== 开始数据采集 =====
2026-09-03 18:57:26,002 - INFO - 爬取品类 [1/2]: 草莓
2026-09-03 18:57:26,002 - INFO - ===== 开始爬取品类：草莓 =====
2026-09-03 18:57:47,842 - INFO - 爬取 草莓 第 1/2 页
2026-09-03 18:57:47,974 - ERROR - 爬取 草莓 失败：Page.evaluate: SyntaxError: Unexpected end of input
    at eval (<anonymous>)
    at UtilityScript.evaluate (<anonymous>:302:30)
    at UtilityScript.<anonymous> (<anonymous>:1:44)
Traceback (most recent call last):
  File "D:\Data Mining\agri_price_spider\core\spider.py", line 110, in crawl_category
    page_data = _extract_page_data(page)
  File "D:\Data Mining\agri_price_spider\core\spider.py", line 67, in _extract_page_data
    return page.evaluate('''...''')  # 你的JS提取代码
  File "C:\Users\111\AppData\Local\Programs\Python\Python310\lib\site-packages\playwright\sync_api\_generated.py", line 9122, in evaluate
    self._sync(
  File "C:\Users\111\AppData\Local\Programs\Python\Python310\lib\site-packages\playwright\_impl\_sync_base.py", line 115, in _sync
    return task.result()
  File "C:\Users\111\AppData\Local\Programs\Python\Python310\lib\site-packages\playwright\_impl\_page.py", line 469, in evaluate
    return await self._main_frame.evaluate(expression, arg)
  File "C:\Users\111\AppData\Local\Programs\Python\Python310\lib\site-packages\playwright\_impl\_frame.py", line 323, in evaluate
    await self._channel.send(
  File "C:\Users\111\AppData\Local\Programs\Python\Python310\lib\site-packages\playwright\_impl\_connection.py", line 69, in send
    return await self._connection.wrap_api_call(
  File "C:\Users\111\AppData\Local\Programs\Python\Python310\lib\site-packages\playwright\_impl\_connection.py", line 559, in wrap_api_call
    raise rewrite_error(error, f"{parsed_st['apiName']}: {error}") from None
playwright._impl._errors.Error: Page.evaluate: SyntaxError: Unexpected end of input
    at eval (<anonymous>)
    at UtilityScript.evaluate (<anonymous>:302:30)
    at UtilityScript.<anonymous> (<anonymous>:1:44)
2026-09-03 18:57:47,975 - WARNING - 品类 草莓 未获取到数据
2026-09-03 18:57:47,975 - INFO - 冷却 17.9s 后继续...
2026-09-03 18:58:05,914 - INFO - 爬取品类 [2/2]: 苹果
2026-09-03 18:58:05,914 - INFO - ===== 开始爬取品类：苹果 =====
2026-09-03 18:58:17,722 - INFO - 爬取 苹果 第 1/2 页
2026-09-03 18:58:17,850 - ERROR - 爬取 苹果 失败：Page.evaluate: SyntaxError: Unexpected end of input
    at eval (<anonymous>)
    at UtilityScript.evaluate (<anonymous>:302:30)
    at UtilityScript.<anonymous> (<anonymous>:1:44)
Traceback (most recent call last):
  File "D:\Data Mining\agri_price_spider\core\spider.py", line 110, in crawl_category
    page_data = _extract_page_data(page)
  File "D:\Data Mining\agri_price_spider\core\spider.py", line 67, in _extract_page_data
    return page.evaluate('''...''')  # 你的JS提取代码
  File "C:\Users\111\AppData\Local\Programs\Python\Python310\lib\site-packages\playwright\sync_api\_generated.py", line 9122, in evaluate
    self._sync(
  File "C:\Users\111\AppData\Local\Programs\Python\Python310\lib\site-packages\playwright\_impl\_sync_base.py", line 115, in _sync
    return task.result()
  File "C:\Users\111\AppData\Local\Programs\Python\Python310\lib\site-packages\playwright\_impl\_page.py", line 469, in evaluate
    return await self._main_frame.evaluate(expression, arg)
  File "C:\Users\111\AppData\Local\Programs\Python\Python310\lib\site-packages\playwright\_impl\_frame.py", line 323, in evaluate
    await self._channel.send(
  File "C:\Users\111\AppData\Local\Programs\Python\Python310\lib\site-packages\playwright\_impl\_connection.py", line 69, in send
    return await self._connection.wrap_api_call(
  File "C:\Users\111\AppData\Local\Programs\Python\Python310\lib\site-packages\playwright\_impl\_connection.py", line 559, in wrap_api_call
    raise rewrite_error(error, f"{parsed_st['apiName']}: {error}") from None
playwright._impl._errors.Error: Page.evaluate: SyntaxError: Unexpected end of input
    at eval (<anonymous>)
    at UtilityScript.evaluate (<anonymous>:302:30)
    at UtilityScript.<anonymous> (<anonymous>:1:44)
2026-09-03 18:58:17,852 - WARNING - 品类 苹果 未获取到数据
2026-09-03 18:58:17,852 - ERROR - 所有品类均未获取到数据
2026-09-03 19:05:45,208 - INFO - ===== 开始数据采集 =====
2026-09-03 19:05:45,208 - INFO - 爬取品类 [1/2]: 芒果
2026-09-03 19:05:45,208 - INFO - ===== 开始爬取品类：芒果 =====
2026-09-03 19:05:57,802 - INFO - 已搜索关键词：芒果
2026-09-03 19:06:01,396 - INFO - 总条数：173 条，总页数：12 页，本次爬取前 2 页
2026-09-03 19:06:01,396 - INFO - 正在爬取第 1 页...
2026-09-03 19:06:01,420 - INFO - 本页提取 15 条数据
2026-09-03 19:06:07,323 - INFO - 正在爬取第 2 页...
2026-09-03 19:06:07,354 - INFO - 本页提取 15 条数据
2026-09-03 19:06:07,773 - INFO - 芒果 爬取完成，共获取 30 条有效数据
2026-09-03 19:06:07,805 - INFO - 品类 芒果 成功获取 30 条数据
2026-09-03 19:06:07,805 - INFO - 冷却 25.4s 后继续...
2026-09-03 19:06:33,199 - INFO - 爬取品类 [2/2]: 草莓
2026-09-03 19:06:33,199 - INFO - ===== 开始爬取品类：草莓 =====
2026-09-03 19:06:50,301 - INFO - 已搜索关键词：草莓
2026-09-03 19:06:55,319 - WARNING - 草莓 页面加载异常：Timeout 5000ms exceeded.
=========================
2026-09-03 19:06:55,693 - WARNING - 品类 草莓 未获取到数据
2026-09-03 19:06:55,693 - INFO - ===== 保存原始数据 =====
2026-09-03 19:06:55,716 - INFO - 原始CSV已保存：assets/output/惠农网农产品行情数据.csv
2026-09-03 19:06:55,717 - INFO - ===== 开始数据清洗 =====
2026-09-03 19:06:55,717 - INFO - ===== 开始数据清洗与预处理 =====
2026-09-03 19:06:55,725 - INFO - 去除重复行：0 条
2026-09-03 19:06:55,734 - INFO - 按品类过滤异常值后剩余 30 条
2026-09-03 19:06:55,746 - INFO - 数据清洗完成，最终有效数据：30 条
2026-09-03 19:06:55,748 - INFO - ===== 写入MongoDB =====
2026-09-03 19:06:55,835 - INFO - ✅ 30 条数据成功写入MongoDB
2026-09-03 19:06:55,835 - INFO - ===== 执行统计分析 =====
2026-09-03 19:06:55,835 - INFO - ===== 开始全维度统计分析 =====
2026-09-03 19:06:55,863 - INFO - 统计分析完成
2026-09-03 19:06:55,863 - INFO - ===== 生成可视化图表 =====
2026-09-03 19:06:55,863 - INFO - ===== 开始生成可视化图表 =====
2026-09-03 19:06:57,363 - DEBUG - Building prefix dict from the default dictionary ...
2026-09-03 19:06:57,363 - DEBUG - Loading model from cache C:\Users\111\AppData\Local\Temp\jieba.cache
2026-09-03 19:06:57,979 - DEBUG - Loading model cost 0.616 seconds.
2026-09-03 19:06:57,979 - DEBUG - Prefix dict has been built successfully.
2026-09-03 19:06:58,248 - INFO - 词云图已保存：assets/output/产品名称词云.png
2026-09-03 19:06:58,666 - INFO - 图5：产品名称均价对比 已保存
2026-09-03 19:06:59,457 - INFO - 图6：各品类下产品名称价格分布 已保存
2026-09-03 19:06:59,457 - INFO - 所有可视化图表生成完成
2026-09-03 19:06:59,457 - INFO - ===== 生成Excel报告 =====
2026-09-03 19:06:59,458 - INFO - ===== 开始生成Excel分析报告 =====
2026-09-03 19:06:59,593 - INFO - Excel报告已保存至：assets/output\农产品价格分析报告_20260903_190659.xlsx
2026-09-03 19:06:59,593 - INFO - ✅ 全流程完成！共 30 条有效数据
2026-09-03 19:14:20,082 - INFO - ===== 开始数据采集 =====
2026-09-03 19:14:20,082 - INFO - 爬取品类 [1/2]: 苹果
2026-09-03 19:14:20,082 - INFO - ===== 开始爬取品类：苹果 =====
2026-09-03 19:14:29,464 - INFO - 已搜索关键词：苹果
2026-09-03 19:14:30,695 - INFO - 总条数：355 条，总页数：24 页，本次爬取前 2 页
2026-09-03 19:14:30,696 - INFO - 正在爬取第 1 页...
2026-09-03 19:14:30,709 - INFO - 本页提取 15 条数据
2026-09-03 19:14:34,565 - INFO - 正在爬取第 2 页...
2026-09-03 19:14:34,580 - INFO - 检测到重复内容，已到达最后一页
2026-09-03 19:14:35,012 - INFO - 苹果 爬取完成，共获取 15 条有效数据
2026-09-03 19:14:35,043 - INFO - 品类 苹果 成功获取 15 条数据
2026-09-03 19:14:35,044 - INFO - 冷却 21.9s 后继续...
2026-09-03 19:14:56,936 - INFO - 爬取品类 [2/2]: 草莓
2026-09-03 19:14:56,936 - INFO - ===== 开始爬取品类：草莓 =====
2026-09-03 19:15:06,229 - INFO - 已搜索关键词：草莓
2026-09-03 19:15:08,169 - INFO - 总条数：27 条，总页数：2 页，本次爬取前 2 页
2026-09-03 19:15:08,169 - INFO - 正在爬取第 1 页...
2026-09-03 19:15:08,184 - INFO - 本页提取 15 条数据
2026-09-03 19:15:11,340 - INFO - 正在爬取第 2 页...
2026-09-03 19:15:11,376 - INFO - 本页提取 12 条数据
2026-09-03 19:15:11,823 - INFO - 草莓 爬取完成，共获取 27 条有效数据
2026-09-03 19:15:11,856 - INFO - 品类 草莓 成功获取 27 条数据
2026-09-03 19:15:11,856 - INFO - ===== 保存原始数据 =====
2026-09-03 19:15:11,869 - INFO - 原始CSV已保存：assets/output/惠农网农产品行情数据.csv
2026-09-03 19:15:11,869 - INFO - ===== 开始数据清洗 =====
2026-09-03 19:15:11,869 - INFO - ===== 开始数据清洗与预处理 =====
2026-09-03 19:15:11,877 - INFO - 去除重复行：0 条
2026-09-03 19:15:11,883 - INFO - 按品类过滤异常值后剩余 42 条
2026-09-03 19:15:11,888 - INFO - 数据清洗完成，最终有效数据：42 条
2026-09-03 19:15:11,890 - INFO - ===== 写入MongoDB =====
2026-09-03 19:15:11,912 - INFO - ✅ 42 条数据成功写入MongoDB
2026-09-03 19:15:11,913 - INFO - ===== 执行统计分析 =====
2026-09-03 19:15:11,913 - INFO - ===== 开始全维度统计分析 =====
2026-09-03 19:15:11,944 - INFO - 统计分析完成
2026-09-03 19:15:11,945 - INFO - ===== 生成可视化图表 =====
2026-09-03 19:15:11,945 - INFO - ===== 开始生成可视化图表 =====
2026-09-03 19:15:13,603 - DEBUG - Building prefix dict from the default dictionary ...
2026-09-03 19:15:13,604 - DEBUG - Loading model from cache C:\Users\111\AppData\Local\Temp\jieba.cache
2026-09-03 19:15:14,250 - DEBUG - Loading model cost 0.646 seconds.
2026-09-03 19:15:14,250 - DEBUG - Prefix dict has been built successfully.
2026-09-03 19:15:14,605 - INFO - 词云图已保存：assets/output/产品名称词云.png
2026-09-03 19:15:15,178 - INFO - 图5：产品名称均价对比 已保存
2026-09-03 19:15:15,942 - INFO - 图6：各品类下产品名称价格分布 已保存
2026-09-03 19:15:15,942 - INFO - 所有可视化图表生成完成
2026-09-03 19:15:15,942 - INFO - ===== 生成Excel报告 =====
2026-09-03 19:15:15,942 - INFO - ===== 开始生成Excel分析报告 =====
2026-09-03 19:15:16,092 - INFO - Excel报告已保存至：assets/output\农产品价格分析报告_20260903_191515.xlsx
2026-09-03 19:15:16,092 - INFO - ✅ 全流程完成！共 42 条有效数据
2026-09-04 20:00:03,442 - INFO - ===== 开始数据采集 =====
2026-09-04 20:00:03,443 - INFO - 爬取品类 [1/2]: 榴莲
2026-09-04 20:00:03,444 - INFO - ===== 开始爬取品类：榴莲 =====
2026-09-04 20:00:23,043 - INFO - 已搜索关键词：榴莲
2026-09-04 20:00:24,144 - INFO - 总条数：36 条，总页数：3 页，本次爬取前 2 页
2026-09-04 20:00:24,144 - INFO - 正在爬取第 1 页...
2026-09-04 20:00:24,159 - INFO - 本页提取 15 条数据
2026-09-04 20:00:27,852 - INFO - 正在爬取第 2 页...
2026-09-04 20:00:27,865 - INFO - 检测到重复内容，已到达最后一页
2026-09-04 20:00:28,288 - INFO - 榴莲 爬取完成，共获取 15 条有效数据
2026-09-04 20:00:28,323 - INFO - 品类 榴莲 成功获取 15 条数据
2026-09-04 20:00:28,323 - INFO - 冷却 25.5s 后继续...
2026-09-04 20:00:53,826 - INFO - 爬取品类 [2/2]: 芒果
2026-09-04 20:00:53,826 - INFO - ===== 开始爬取品类：芒果 =====
2026-09-04 20:01:14,860 - INFO - 已搜索关键词：芒果
2026-09-04 20:01:16,794 - INFO - 总条数：174 条，总页数：12 页，本次爬取前 2 页
2026-09-04 20:01:16,794 - INFO - 正在爬取第 1 页...
2026-09-04 20:01:16,809 - INFO - 本页提取 15 条数据
2026-09-04 20:01:23,574 - INFO - 正在爬取第 2 页...
2026-09-04 20:01:23,605 - INFO - 本页提取 15 条数据
2026-09-04 20:01:24,010 - INFO - 芒果 爬取完成，共获取 30 条有效数据
2026-09-04 20:01:24,044 - INFO - 品类 芒果 成功获取 30 条数据
2026-09-04 20:01:24,052 - INFO - ===== 保存原始数据 =====
2026-09-04 20:01:24,063 - INFO - 原始CSV已保存：assets/output/惠农网农产品行情数据.csv
2026-09-04 20:01:24,063 - INFO - ===== 开始数据清洗 =====
2026-09-04 20:01:24,063 - INFO - ===== 开始数据清洗与预处理 =====
2026-09-04 20:01:24,065 - INFO - 去除重复行：0 条
2026-09-04 20:01:24,078 - INFO - 按品类过滤异常值后剩余 45 条
2026-09-04 20:01:24,083 - INFO - 数据清洗完成，最终有效数据：45 条
2026-09-04 20:01:24,085 - INFO - ===== 写入MongoDB =====
2026-09-04 20:01:24,136 - INFO - ✅ 45 条数据成功写入MongoDB
2026-09-04 20:01:24,136 - INFO - ===== 执行统计分析 =====
2026-09-04 20:01:24,137 - INFO - ===== 开始全维度统计分析 =====
2026-09-04 20:01:24,163 - INFO - 统计分析完成
2026-09-04 20:01:24,163 - INFO - ===== 生成可视化图表 =====
2026-09-04 20:01:24,163 - INFO - ===== 开始生成可视化图表 =====
2026-09-04 20:01:25,836 - DEBUG - Building prefix dict from the default dictionary ...
2026-09-04 20:01:25,837 - DEBUG - Loading model from cache C:\Users\111\AppData\Local\Temp\jieba.cache
2026-09-04 20:01:26,469 - DEBUG - Loading model cost 0.632 seconds.
2026-09-04 20:01:26,470 - DEBUG - Prefix dict has been built successfully.
2026-09-04 20:01:26,839 - INFO - 词云图已保存：assets/output/产品名称词云.png
2026-09-04 20:01:27,393 - INFO - 图5：产品名称均价对比 已保存
2026-09-04 20:01:28,170 - INFO - 图6：各品类下产品名称价格分布 已保存
2026-09-04 20:01:28,170 - INFO - 所有可视化图表生成完成
2026-09-04 20:01:28,170 - INFO - ===== 生成Excel报告 =====
2026-09-04 20:01:28,170 - INFO - ===== 开始生成Excel分析报告 =====
2026-09-04 20:01:28,308 - INFO - Excel报告已保存至：assets/output\农产品价格分析报告_20260904_200128.xlsx
2026-09-04 20:01:28,308 - INFO - ✅ 全流程完成！共 45 条有效数据
2026-09-05 16:06:58,431 - INFO - ===== 开始数据清洗与预处理 =====
2026-09-05 16:06:58,440 - INFO - 去除重复行：7 条
2026-09-05 16:06:58,447 - INFO - 按品类过滤异常值后剩余 4 条
2026-09-05 16:06:58,455 - INFO - 数据清洗完成，最终有效数据：4 条
2026-09-05 16:06:59,613 - INFO - ===== 开始数据清洗与预处理 =====
2026-09-05 16:06:59,614 - INFO - 去除重复行：0 条
2026-09-05 16:06:59,617 - INFO - 按品类过滤异常值后剩余 4 条
2026-09-05 16:06:59,620 - INFO - 数据清洗完成，最终有效数据：4 条
2026-09-05 16:06:59,620 - INFO - ===== 开始全维度统计分析 =====
2026-09-05 16:06:59,639 - INFO - 统计分析完成
2026-09-05 16:06:59,642 - INFO - ===== 开始数据清洗与预处理 =====
2026-09-05 16:06:59,643 - INFO - 去除重复行：0 条
2026-09-05 16:06:59,645 - INFO - 按品类过滤异常值后剩余 1 条
2026-09-05 16:06:59,648 - INFO - 数据清洗完成，最终有效数据：1 条
2026-09-05 16:06:59,881 - INFO - 从MongoDB读取到 3 条原始数据
2026-09-05 16:06:59,881 - INFO - ===== 开始全维度统计分析 =====
2026-09-05 16:07:00,284 - INFO - ===== 开始数据采集 =====
2026-09-05 16:07:00,284 - INFO - 爬取品类 [1/2]: 草莓
2026-09-05 16:07:00,284 - ERROR - 品类 草莓 爬取异常：网络超时
2026-09-05 16:07:00,284 - INFO - 冷却 29.1s 后继续...
2026-09-05 16:07:29,408 - INFO - 爬取品类 [2/2]: 苹果
2026-09-05 16:07:29,408 - INFO - 品类 苹果 成功获取 2 条数据
2026-09-05 16:07:29,408 - INFO - ===== 保存原始数据 =====
2026-09-05 16:07:29,414 - INFO - 原始CSV已保存：assets/output/惠农网农产品行情数据.csv
2026-09-05 16:07:29,415 - INFO - ===== 开始数据清洗 =====
2026-09-05 16:07:29,415 - INFO - ===== 开始数据清洗与预处理 =====
2026-09-05 16:07:29,416 - INFO - 去除重复行：0 条
2026-09-05 16:07:29,418 - INFO - 按品类过滤异常值后剩余 2 条
2026-09-05 16:07:29,421 - INFO - 数据清洗完成，最终有效数据：2 条
2026-09-05 16:07:29,422 - INFO - ===== 写入MongoDB =====
2026-09-05 16:07:29,433 - INFO - ✅ 2 条数据成功写入MongoDB
2026-09-05 16:07:29,433 - INFO - ===== 执行统计分析 =====
2026-09-05 16:07:29,433 - INFO - ===== 开始全维度统计分析 =====
2026-09-05 16:07:29,451 - INFO - 统计分析完成
2026-09-05 16:07:29,452 - INFO - ===== 生成可视化图表 =====
2026-09-05 16:07:29,452 - INFO - ===== 开始生成可视化图表 =====
2026-09-05 16:07:33,953 - DEBUG - Building prefix dict from the default dictionary ...
2026-09-05 16:07:33,954 - DEBUG - Loading model from cache C:\Users\111\AppData\Local\Temp\jieba.cache
2026-09-05 16:07:34,791 - DEBUG - Loading model cost 0.837 seconds.
2026-09-05 16:07:34,791 - DEBUG - Prefix dict has been built successfully.
2026-09-05 16:07:35,075 - INFO - 词云图已保存：assets/output/产品名称词云.png
2026-09-05 16:07:35,791 - INFO - 图5：产品名称均价对比 已保存
2026-09-05 16:07:35,830 - WARNING - 无足够样本的产品名称，跳过图6
2026-09-05 16:07:35,830 - INFO - 所有可视化图表生成完成
2026-09-05 16:07:35,830 - INFO - ===== 生成Excel报告 =====
2026-09-05 16:07:35,831 - INFO - ===== 开始生成Excel分析报告 =====
2026-09-05 16:07:35,964 - INFO - Excel报告已保存至：assets/output\农产品价格分析报告_20260905_160735.xlsx
2026-09-05 16:07:35,964 - INFO - ✅ 全流程完成！共 2 条有效数据
2026-09-05 16:07:36,045 - INFO - ===== 开始数据采集 =====
2026-09-05 16:07:36,046 - INFO - 爬取品类 [1/2]: 草莓
2026-09-05 16:07:36,046 - ERROR - 品类 草莓 爬取异常：网络超时
2026-09-05 16:07:36,046 - INFO - 冷却 22.5s 后继续...
2026-09-05 16:07:58,571 - INFO - 爬取品类 [2/2]: 苹果
2026-09-05 16:07:58,571 - ERROR - 品类 苹果 爬取异常：网络超时
2026-09-05 16:07:58,572 - ERROR - 所有品类均未获取到数据
2026-09-05 16:16:56,948 - INFO - ===== 开始数据清洗与预处理 =====
2026-09-05 16:16:56,949 - INFO - 去除重复行：27 条
2026-09-05 16:16:56,956 - INFO - 按品类过滤异常值后剩余 4 条
2026-09-05 16:16:56,961 - INFO - 数据清洗完成，最终有效数据：4 条
2026-09-05 16:16:57,973 - INFO - ===== 开始数据清洗与预处理 =====
2026-09-05 16:16:57,974 - INFO - 去除重复行：0 条
2026-09-05 16:16:57,977 - INFO - 按品类过滤异常值后剩余 4 条
2026-09-05 16:16:57,980 - INFO - 数据清洗完成，最终有效数据：4 条
2026-09-05 16:16:57,980 - INFO - ===== 开始全维度统计分析 =====
2026-09-05 16:16:57,997 - INFO - 统计分析完成
2026-09-05 16:16:58,002 - INFO - ===== 开始数据清洗与预处理 =====
2026-09-05 16:16:58,003 - INFO - 去除重复行：0 条
2026-09-05 16:16:58,008 - INFO - 按品类过滤异常值后剩余 1 条
2026-09-05 16:16:58,012 - INFO - 数据清洗完成，最终有效数据：1 条
2026-09-05 16:19:00,957 - INFO - ===== 开始数据清洗与预处理 =====
2026-09-05 16:19:00,958 - INFO - 去除重复行：0 条
2026-09-05 16:19:00,962 - INFO - 按品类过滤异常值后剩余 30 条
2026-09-05 16:19:00,967 - INFO - 数据清洗完成，最终有效数据：30 条
2026-09-05 16:19:00,972 - INFO - ===== 开始数据清洗与预处理 =====
2026-09-05 16:19:00,974 - INFO - 去除重复行：0 条
2026-09-05 16:19:00,978 - INFO - 按品类过滤异常值后剩余 4 条
2026-09-05 16:19:00,981 - INFO - 数据清洗完成，最终有效数据：4 条
2026-09-05 16:19:00,981 - INFO - ===== 开始全维度统计分析 =====
2026-09-05 16:19:00,999 - INFO - 统计分析完成
2026-09-05 16:19:01,003 - INFO - ===== 开始数据清洗与预处理 =====
2026-09-05 16:19:01,004 - INFO - 去除重复行：0 条
2026-09-05 16:19:01,007 - INFO - 按品类过滤异常值后剩余 1 条
2026-09-05 16:19:01,010 - INFO - 数据清洗完成，最终有效数据：1 条
2026-09-05 16:20:55,134 - INFO - ===== 开始数据采集 =====
2026-09-05 16:20:55,135 - INFO - 爬取品类 [1/2]: 草莓
2026-09-05 16:20:55,135 - ERROR - 品类 草莓 爬取异常：网络超时
2026-09-05 16:20:55,135 - INFO - 冷却 29.2s 后继续...
2026-09-05 16:21:24,378 - INFO - 爬取品类 [2/2]: 苹果
2026-09-05 16:21:24,379 - INFO - 品类 苹果 成功获取 2 条数据
2026-09-05 16:21:24,379 - INFO - ===== 保存原始数据 =====
2026-09-05 16:21:24,385 - INFO - 原始CSV已保存：assets/output/惠农网农产品行情数据.csv
2026-09-05 16:21:24,385 - INFO - ===== 开始数据清洗 =====
2026-09-05 16:21:24,386 - INFO - ===== 开始数据清洗与预处理 =====
2026-09-05 16:21:24,388 - INFO - 去除重复行：0 条
2026-09-05 16:21:24,392 - INFO - 按品类过滤异常值后剩余 2 条
2026-09-05 16:21:24,397 - INFO - 数据清洗完成，最终有效数据：2 条
2026-09-05 16:21:24,397 - ERROR - 流程执行失败：'品类'
Traceback (most recent call last):
  File "D:\111\practise.P\anaconda\Lib\site-packages\pandas\core\indexes\base.py", line 3812, in get_loc
    return self._engine.get_loc(casted_key)
           ~~~~~~~~~~~~~~~~~~~~^^^^^^^^^^^^
  File "pandas/_libs/index.pyx", line 167, in pandas._libs.index.IndexEngine.get_loc
  File "pandas/_libs/index.pyx", line 196, in pandas._libs.index.IndexEngine.get_loc
  File "pandas/_libs/hashtable_class_helper.pxi", line 7088, in pandas._libs.hashtable.PyObjectHashTable.get_item
  File "pandas/_libs/hashtable_class_helper.pxi", line 7096, in pandas._libs.hashtable.PyObjectHashTable.get_item
KeyError: '品类'

The above exception was the direct cause of the following exception:

Traceback (most recent call last):
  File "D:\Data Mining\agri_price_spider\pipeline.py", line 74, in run_pipeline
    df_clean['品类'] = pd.Categorical(df_clean['品类'], categories=keywords, ordered=True)
                                      ~~~~~~~~^^^^^^^^
  File "D:\111\practise.P\anaconda\Lib\site-packages\pandas\core\frame.py", line 4113, in __getitem__
    indexer = self.columns.get_loc(key)
  File "D:\111\practise.P\anaconda\Lib\site-packages\pandas\core\indexes\base.py", line 3819, in get_loc
    raise KeyError(key) from err
KeyError: '品类'
2026-09-05 16:21:25,702 - INFO - ===== 开始数据采集 =====
2026-09-05 16:21:25,702 - INFO - 爬取品类 [1/2]: 草莓
2026-09-05 16:21:25,702 - ERROR - 品类 草莓 爬取异常：网络超时
2026-09-05 16:21:25,702 - INFO - 冷却 28.0s 后继续...
2026-09-05 16:21:53,706 - INFO - 爬取品类 [2/2]: 苹果
2026-09-05 16:21:53,706 - ERROR - 品类 苹果 爬取异常：网络超时
2026-09-05 16:21:53,707 - ERROR - 所有品类均未获取到数据
2026-09-05 16:35:25,579 - INFO - ===== 开始数据采集 =====
2026-09-05 16:35:25,580 - INFO - 爬取品类 [1/2]: 草莓
2026-09-05 16:35:25,580 - ERROR - 品类 草莓 爬取异常：网络超时
2026-09-05 16:35:25,580 - INFO - 冷却 29.7s 后继续...
2026-09-05 16:35:25,581 - INFO - 爬取品类 [2/2]: 苹果
2026-09-05 16:35:25,581 - INFO - 品类 苹果 成功获取 2 条数据
2026-09-05 16:35:25,581 - INFO - ===== 保存原始数据 =====
2026-09-05 16:35:25,588 - INFO - 原始CSV已保存：assets/output/惠农网农产品行情数据.csv
2026-09-05 16:35:25,588 - INFO - ===== 开始数据清洗 =====
2026-09-05 16:35:25,590 - INFO - ===== 开始数据清洗与预处理 =====
2026-09-05 16:35:25,591 - INFO - 去除重复行：0 条
2026-09-05 16:35:25,596 - INFO - 按品类过滤异常值后剩余 2 条
2026-09-05 16:35:25,601 - INFO - 数据清洗完成，最终有效数据：2 条
2026-09-05 16:35:25,602 - INFO - ===== 写入MongoDB =====
2026-09-05 16:35:26,023 - INFO - ✅ 2 条数据成功写入MongoDB
2026-09-05 16:35:26,055 - INFO - ===== 执行统计分析 =====
2026-09-05 16:35:26,055 - INFO - ===== 开始全维度统计分析 =====
2026-09-05 16:35:26,076 - INFO - 统计分析完成
2026-09-05 16:35:26,076 - INFO - ===== 生成可视化图表 =====
2026-09-05 16:35:26,076 - INFO - ===== 开始生成可视化图表 =====
2026-09-05 16:35:27,826 - DEBUG - Building prefix dict from the default dictionary ...
2026-09-05 16:35:27,826 - DEBUG - Loading model from cache C:\Users\111\AppData\Local\Temp\jieba.cache
2026-09-05 16:35:28,545 - DEBUG - Loading model cost 0.719 seconds.
2026-09-05 16:35:28,545 - DEBUG - Prefix dict has been built successfully.
2026-09-05 16:35:28,816 - INFO - 词云图已保存：assets/output/产品名称词云.png
2026-09-05 16:35:29,375 - INFO - 图5：产品名称均价对比 已保存
2026-09-05 16:35:29,381 - WARNING - 无足够样本的产品名称，跳过图6
2026-09-05 16:35:29,381 - INFO - 所有可视化图表生成完成
2026-09-05 16:35:29,381 - INFO - ===== 生成Excel报告 =====
2026-09-05 16:35:29,382 - INFO - ===== 开始生成Excel分析报告 =====
2026-09-05 16:35:29,466 - INFO - Excel报告已保存至：assets/output\农产品价格分析报告_20260905_163529.xlsx
2026-09-05 16:35:29,466 - INFO - ✅ 全流程完成！共 2 条有效数据
2026-09-05 16:35:29,475 - INFO - ===== 开始数据采集 =====
2026-09-05 16:35:29,475 - INFO - 爬取品类 [1/2]: 草莓
2026-09-05 16:35:29,475 - ERROR - 品类 草莓 爬取异常：网络超时
2026-09-05 16:35:29,475 - INFO - 冷却 15.1s 后继续...
2026-09-05 16:35:29,475 - INFO - 爬取品类 [2/2]: 苹果
2026-09-05 16:35:29,475 - ERROR - 品类 苹果 爬取异常：网络超时
2026-09-05 16:35:29,476 - ERROR - 所有品类均未获取到数据
2026-09-05 16:47:18,627 - INFO - ===== 开始数据清洗与预处理 =====
2026-09-05 16:47:18,629 - INFO - 去除重复行：0 条
2026-09-05 16:47:18,633 - INFO - 按品类过滤异常值后剩余 30 条
2026-09-05 16:47:18,638 - INFO - 数据清洗完成，最终有效数据：30 条
2026-09-05 16:47:18,642 - INFO - ===== 开始数据清洗与预处理 =====
2026-09-05 16:47:18,643 - INFO - 去除重复行：0 条
2026-09-05 16:47:18,647 - INFO - 按品类过滤异常值后剩余 4 条
2026-09-05 16:47:18,650 - INFO - 数据清洗完成，最终有效数据：4 条
2026-09-05 16:47:18,650 - INFO - ===== 开始全维度统计分析 =====
2026-09-05 16:47:20,126 - INFO - ===== 开始数据清洗与预处理 =====
2026-09-05 16:47:20,127 - INFO - 去除重复行：0 条
2026-09-05 16:47:20,130 - INFO - 按品类过滤异常值后剩余 1 条
2026-09-05 16:47:20,132 - INFO - 数据清洗完成，最终有效数据：1 条
2026-09-05 16:47:20,146 - INFO - ===== 开始数据采集 =====
2026-09-05 16:47:20,146 - INFO - 爬取品类 [1/2]: 草莓
2026-09-05 16:47:20,146 - ERROR - 品类 草莓 爬取异常：网络超时
2026-09-05 16:47:20,146 - INFO - 冷却 18.3s 后继续...
2026-09-05 16:47:20,147 - INFO - 爬取品类 [2/2]: 苹果
2026-09-05 16:47:20,147 - INFO - 品类 苹果 成功获取 2 条数据
2026-09-05 16:47:20,147 - INFO - ===== 保存原始数据 =====
2026-09-05 16:47:20,152 - INFO - 原始CSV已保存：assets/output/惠农网农产品行情数据.csv
2026-09-05 16:47:20,153 - INFO - ===== 开始数据清洗 =====
2026-09-05 16:47:20,154 - INFO - ===== 开始数据清洗与预处理 =====
2026-09-05 16:47:20,155 - INFO - 去除重复行：0 条
2026-09-05 16:47:20,158 - INFO - 按品类过滤异常值后剩余 2 条
2026-09-05 16:47:20,161 - INFO - 数据清洗完成，最终有效数据：2 条
2026-09-05 16:47:20,162 - INFO - ===== 写入MongoDB =====
2026-09-05 16:47:20,803 - INFO - ✅ 2 条数据成功写入MongoDB
2026-09-05 16:47:20,849 - INFO - ===== 执行统计分析 =====
2026-09-05 16:47:20,849 - INFO - ===== 开始全维度统计分析 =====
2026-09-05 16:47:20,874 - INFO - 统计分析完成
2026-09-05 16:47:20,875 - INFO - ===== 生成可视化图表 =====
2026-09-05 16:47:20,875 - INFO - ===== 开始生成可视化图表 =====
2026-09-05 16:47:22,806 - DEBUG - Building prefix dict from the default dictionary ...
2026-09-05 16:47:22,807 - DEBUG - Loading model from cache C:\Users\111\AppData\Local\Temp\jieba.cache
2026-09-05 16:47:23,610 - DEBUG - Loading model cost 0.804 seconds.
2026-09-05 16:47:23,611 - DEBUG - Prefix dict has been built successfully.
2026-09-05 16:47:23,879 - INFO - 词云图已保存：assets/output/产品名称词云.png
2026-09-05 16:47:24,446 - INFO - 图5：产品名称均价对比 已保存
2026-09-05 16:47:24,452 - WARNING - 无足够样本的产品名称，跳过图6
2026-09-05 16:47:24,453 - INFO - 所有可视化图表生成完成
2026-09-05 16:47:24,453 - INFO - ===== 生成Excel报告 =====
2026-09-05 16:47:24,453 - INFO - ===== 开始生成Excel分析报告 =====
2026-09-05 16:47:24,533 - INFO - Excel报告已保存至：assets/output\农产品价格分析报告_20260905_164724.xlsx
2026-09-05 16:47:24,533 - INFO - ✅ 全流程完成！共 2 条有效数据
2026-09-05 16:47:24,540 - INFO - ===== 开始数据采集 =====
2026-09-05 16:47:24,541 - INFO - 爬取品类 [1/2]: 草莓
2026-09-05 16:47:24,541 - ERROR - 品类 草莓 爬取异常：网络超时
2026-09-05 16:47:24,541 - INFO - 冷却 17.4s 后继续...
2026-09-05 16:47:24,541 - INFO - 爬取品类 [2/2]: 苹果
2026-09-05 16:47:24,541 - ERROR - 品类 苹果 爬取异常：网络超时
2026-09-05 16:47:24,541 - ERROR - 所有品类均未获取到数据
2026-09-05 16:48:40,715 - INFO - ===== 开始数据清洗与预处理 =====
2026-09-05 16:48:40,717 - INFO - 去除重复行：0 条
2026-09-05 16:48:40,722 - INFO - 按品类过滤异常值后剩余 30 条
2026-09-05 16:48:40,726 - INFO - 数据清洗完成，最终有效数据：30 条
2026-09-05 16:48:40,730 - INFO - ===== 开始数据清洗与预处理 =====
2026-09-05 16:48:40,731 - INFO - 去除重复行：0 条
2026-09-05 16:48:40,735 - INFO - 按品类过滤异常值后剩余 4 条
2026-09-05 16:48:40,738 - INFO - 数据清洗完成，最终有效数据：4 条
2026-09-05 16:48:40,738 - INFO - ===== 开始全维度统计分析 =====
2026-09-05 16:48:40,753 - INFO - 统计分析完成
2026-09-05 16:48:40,756 - INFO - ===== 开始数据清洗与预处理 =====
2026-09-05 16:48:40,757 - INFO - 去除重复行：0 条
2026-09-05 16:48:40,760 - INFO - 按品类过滤异常值后剩余 1 条
2026-09-05 16:48:40,762 - INFO - 数据清洗完成，最终有效数据：1 条
